[INFO] Scanning for projects...
[INFO] 
[INFO] ----------------------< com.mycompany:piedrazul >-----------------------
[INFO] Building piedrazul 1.0-SNAPSHOT
[INFO]   from pom.xml
[INFO] --------------------------------[ jar ]---------------------------------
[INFO] 
[INFO] --- resources:3.3.1:resources (default-resources) @ piedrazul ---
[INFO] skip non existing resourceDirectory C:\Users\asus\projects\piedrazul\src\main\resources
[INFO] 
[INFO] --- compiler:3.13.0:compile (default-compile) @ piedrazul ---
[INFO] Recompiling the module because of changed source code.
[INFO] Compiling 32 source files with javac [debug release 21] to target\classes
[INFO] -------------------------------------------------------------
[ERROR] COMPILATION ERROR : 
[INFO] -------------------------------------------------------------
[ERROR] /C:/Users/asus/projects/piedrazul/src/main/java/com/mycompany/piedrazul/infrastructure/persistence/AppointmentRepositoryImpl.java:[349,9] class, interface, enum, or record expected
[ERROR] /C:/Users/asus/projects/piedrazul/src/main/java/com/mycompany/piedrazul/infrastructure/persistence/AppointmentRepositoryImpl.java:[351,13] class, interface, enum, or record expected
[ERROR] /C:/Users/asus/projects/piedrazul/src/main/java/com/mycompany/piedrazul/infrastructure/persistence/AppointmentRepositoryImpl.java:[352,9] class, interface, enum, or record expected
[ERROR] /C:/Users/asus/projects/piedrazul/src/main/java/com/mycompany/piedrazul/infrastructure/persistence/AppointmentRepositoryImpl.java:[355,13] class, interface, enum, or record expected
[ERROR] /C:/Users/asus/projects/piedrazul/src/main/java/com/mycompany/piedrazul/infrastructure/persistence/AppointmentRepositoryImpl.java:[356,9] class, interface, enum, or record expected
[ERROR] /C:/Users/asus/projects/piedrazul/src/main/java/com/mycompany/piedrazul/infrastructure/persistence/AppointmentRepositoryImpl.java:[362,9] class, interface, enum, or record expected
[ERROR] /C:/Users/asus/projects/piedrazul/src/main/java/com/mycompany/piedrazul/infrastructure/persistence/AppointmentRepositoryImpl.java:[363,14] unnamed classes are a preview feature and are disabled by default.
  (use --enable-preview to enable unnamed classes)
[ERROR] /C:/Users/asus/projects/piedrazul/src/main/java/com/mycompany/piedrazul/infrastructure/persistence/AppointmentRepositoryImpl.java:[363,98] ';' expected
[ERROR] /C:/Users/asus/projects/piedrazul/src/main/java/com/mycompany/piedrazul/infrastructure/persistence/AppointmentRepositoryImpl.java:[366,13] class, interface, enum, or record expected
[ERROR] /C:/Users/asus/projects/piedrazul/src/main/java/com/mycompany/piedrazul/infrastructure/persistence/AppointmentRepositoryImpl.java:[368,13] class, interface, enum, or record expected
[ERROR] /C:/Users/asus/projects/piedrazul/src/main/java/com/mycompany/piedrazul/infrastructure/persistence/AppointmentRepositoryImpl.java:[369,13] class, interface, enum, or record expected
[ERROR] /C:/Users/asus/projects/piedrazul/src/main/java/com/mycompany/piedrazul/infrastructure/persistence/AppointmentRepositoryImpl.java:[370,13] class, interface, enum, or record expected
[ERROR] /C:/Users/asus/projects/piedrazul/src/main/java/com/mycompany/piedrazul/infrastructure/persistence/AppointmentRepositoryImpl.java:[371,13] class, interface, enum, or record expected
[ERROR] /C:/Users/asus/projects/piedrazul/src/main/java/com/mycompany/piedrazul/infrastructure/persistence/AppointmentRepositoryImpl.java:[372,13] class, interface, enum, or record expected
[ERROR] /C:/Users/asus/projects/piedrazul/src/main/java/com/mycompany/piedrazul/infrastructure/persistence/AppointmentRepositoryImpl.java:[373,13] class, interface, enum, or record expected
[ERROR] /C:/Users/asus/projects/piedrazul/src/main/java/com/mycompany/piedrazul/infrastructure/persistence/AppointmentRepositoryImpl.java:[374,13] class, interface, enum, or record expected
[ERROR] /C:/Users/asus/projects/piedrazul/src/main/java/com/mycompany/piedrazul/infrastructure/persistence/AppointmentRepositoryImpl.java:[375,13] class, interface, enum, or record expected
[ERROR] /C:/Users/asus/projects/piedrazul/src/main/java/com/mycompany/piedrazul/infrastructure/persistence/AppointmentRepositoryImpl.java:[376,13] class, interface, enum, or record expected
[ERROR] /C:/Users/asus/projects/piedrazul/src/main/java/com/mycompany/piedrazul/infrastructure/persistence/AppointmentRepositoryImpl.java:[378,13] class, interface, enum, or record expected
[ERROR] /C:/Users/asus/projects/piedrazul/src/main/java/com/mycompany/piedrazul/infrastructure/persistence/AppointmentRepositoryImpl.java:[380,13] class, interface, enum, or record expected
[ERROR] /C:/Users/asus/projects/piedrazul/src/main/java/com/mycompany/piedrazul/infrastructure/persistence/AppointmentRepositoryImpl.java:[382,13] class, interface, enum, or record expected
[ERROR] /C:/Users/asus/projects/piedrazul/src/main/java/com/mycompany/piedrazul/infrastructure/persistence/AppointmentRepositoryImpl.java:[386,13] class, interface, enum, or record expected
[ERROR] /C:/Users/asus/projects/piedrazul/src/main/java/com/mycompany/piedrazul/infrastructure/persistence/AppointmentRepositoryImpl.java:[390,25] class, interface, enum, or record expected
[ERROR] /C:/Users/asus/projects/piedrazul/src/main/java/com/mycompany/piedrazul/infrastructure/persistence/AppointmentRepositoryImpl.java:[391,21] class, interface, enum, or record expected
[ERROR] /C:/Users/asus/projects/piedrazul/src/main/java/com/mycompany/piedrazul/infrastructure/persistence/AppointmentRepositoryImpl.java:[397,9] class, interface, enum, or record expected
[ERROR] /C:/Users/asus/projects/piedrazul/src/main/java/com/mycompany/piedrazul/infrastructure/persistence/AppointmentRepositoryImpl.java:[399,13] class, interface, enum, or record expected
[ERROR] /C:/Users/asus/projects/piedrazul/src/main/java/com/mycompany/piedrazul/infrastructure/persistence/AppointmentRepositoryImpl.java:[400,9] class, interface, enum, or record expected
[ERROR] /C:/Users/asus/projects/piedrazul/src/main/java/com/mycompany/piedrazul/infrastructure/persistence/AppointmentRepositoryImpl.java:[619,1] class, interface, enum, or record expected
[ERROR] /C:/Users/asus/projects/piedrazul/src/main/java/com/mycompany/piedrazul/infrastructure/persistence/AppointmentRepositoryImpl.java:[1,1] unnamed class should not have package declaration
[INFO] 29 errors 
[INFO] -------------------------------------------------------------
[INFO] ------------------------------------------------------------------------
[INFO] BUILD FAILURE
[INFO] ------------------------------------------------------------------------
[INFO] Total time:  1.041 s
[INFO] Finished at: 2026-03-21T19:28:52-05:00
[INFO] ------------------------------------------------------------------------
[ERROR] Failed to execute goal org.apache.maven.plugins:maven-compiler-plugin:3.13.0:compile (default-compile) on project piedrazul: Compilation failure: Compilation failure: 
[ERROR] /C:/Users/asus/projects/piedrazul/src/main/java/com/mycompany/piedrazul/infrastructure/persistence/AppointmentRepositoryImpl.java:[349,9] class, interface, enum, or record expected
[ERROR] /C:/Users/asus/projects/piedrazul/src/main/java/com/mycompany/piedrazul/infrastructure/persistence/AppointmentRepositoryImpl.java:[351,13] class, interface, enum, or record expected
[ERROR] /C:/Users/asus/projects/piedrazul/src/main/java/com/mycompany/piedrazul/infrastructure/persistence/AppointmentRepositoryImpl.java:[352,9] class, interface, enum, or record expected
[ERROR] /C:/Users/asus/projects/piedrazul/src/main/java/com/mycompany/piedrazul/infrastructure/persistence/AppointmentRepositoryImpl.java:[355,13] class, interface, enum, or record expected
[ERROR] /C:/Users/asus/projects/piedrazul/src/main/java/com/mycompany/piedrazul/infrastructure/persistence/AppointmentRepositoryImpl.java:[356,9] class, interface, enum, or record expected
[ERROR] /C:/Users/asus/projects/piedrazul/src/main/java/com/mycompany/piedrazul/infrastructure/persistence/AppointmentRepositoryImpl.java:[362,9] class, interface, enum, or record expected
[ERROR] /C:/Users/asus/projects/piedrazul/src/main/java/com/mycompany/piedrazul/infrastructure/persistence/AppointmentRepositoryImpl.java:[363,14] unnamed classes are a preview feature and are disabled by default.
[ERROR]   (use --enable-preview to enable unnamed classes)
[ERROR] /C:/Users/asus/projects/piedrazul/src/main/java/com/mycompany/piedrazul/infrastructure/persistence/AppointmentRepositoryImpl.java:[363,98] ';' expected
[ERROR] /C:/Users/asus/projects/piedrazul/src/main/java/com/mycompany/piedrazul/infrastructure/persistence/AppointmentRepositoryImpl.java:[366,13] class, interface, enum, or record expected
[ERROR] /C:/Users/asus/projects/piedrazul/src/main/java/com/mycompany/piedrazul/infrastructure/persistence/AppointmentRepositoryImpl.java:[368,13] class, interface, enum, or record expected
[ERROR] /C:/Users/asus/projects/piedrazul/src/main/java/com/mycompany/piedrazul/infrastructure/persistence/AppointmentRepositoryImpl.java:[369,13] class, interface, enum, or record expected
[ERROR] /C:/Users/asus/projects/piedrazul/src/main/java/com/mycompany/piedrazul/infrastructure/persistence/AppointmentRepositoryImpl.java:[370,13] class, interface, enum, or record expected
[ERROR] /C:/Users/asus/projects/piedrazul/src/main/java/com/mycompany/piedrazul/infrastructure/persistence/AppointmentRepositoryImpl.java:[371,13] class, interface, enum, or record expected
[ERROR] /C:/Users/asus/projects/piedrazul/src/main/java/com/mycompany/piedrazul/infrastructure/persistence/AppointmentRepositoryImpl.java:[372,13] class, interface, enum, or record expected
[ERROR] /C:/Users/asus/projects/piedrazul/src/main/java/com/mycompany/piedrazul/infrastructure/persistence/AppointmentRepositoryImpl.java:[373,13] class, interface, enum, or record expected
[ERROR] /C:/Users/asus/projects/piedrazul/src/main/java/com/mycompany/piedrazul/infrastructure/persistence/AppointmentRepositoryImpl.java:[374,13] class, interface, enum, or record expected
[ERROR] /C:/Users/asus/projects/piedrazul/src/main/java/com/mycompany/piedrazul/infrastructure/persistence/AppointmentRepositoryImpl.java:[375,13] class, interface, enum, or record expected
[ERROR] /C:/Users/asus/projects/piedrazul/src/main/java/com/mycompany/piedrazul/infrastructure/persistence/AppointmentRepositoryImpl.java:[376,13] class, interface, enum, or record expected
[ERROR] /C:/Users/asus/projects/piedrazul/src/main/java/com/mycompany/piedrazul/infrastructure/persistence/AppointmentRepositoryImpl.java:[378,13] class, interface, enum, or record expected
[ERROR] /C:/Users/asus/projects/piedrazul/src/main/java/com/mycompany/piedrazul/infrastructure/persistence/AppointmentRepositoryImpl.java:[380,13] class, interface, enum, or record expected
[ERROR] /C:/Users/asus/projects/piedrazul/src/main/java/com/mycompany/piedrazul/infrastructure/persistence/AppointmentRepositoryImpl.java:[382,13] class, interface, enum, or record expected
[ERROR] /C:/Users/asus/projects/piedrazul/src/main/java/com/mycompany/piedrazul/infrastructure/persistence/AppointmentRepositoryImpl.java:[386,13] class, interface, enum, or record expected
[ERROR] /C:/Users/asus/projects/piedrazul/src/main/java/com/mycompany/piedrazul/infrastructure/persistence/AppointmentRepositoryImpl.java:[390,25] class, interface, enum, or record expected
[ERROR] /C:/Users/asus/projects/piedrazul/src/main/java/com/mycompany/piedrazul/infrastructure/persistence/AppointmentRepositoryImpl.java:[391,21] class, interface, enum, or record expected
[ERROR] /C:/Users/asus/projects/piedrazul/src/main/java/com/mycompany/piedrazul/infrastructure/persistence/AppointmentRepositoryImpl.java:[397,9] class, interface, enum, or record expected
[ERROR] /C:/Users/asus/projects/piedrazul/src/main/java/com/mycompany/piedrazul/infrastructure/persistence/AppointmentRepositoryImpl.java:[399,13] class, interface, enum, or record expected
[ERROR] /C:/Users/asus/projects/piedrazul/src/main/java/com/mycompany/piedrazul/infrastructure/persistence/AppointmentRepositoryImpl.java:[400,9] class, interface, enum, or record expected
[ERROR] /C:/Users/asus/projects/piedrazul/src/main/java/com/mycompany/piedrazul/infrastructure/persistence/AppointmentRepositoryImpl.java:[619,1] class, interface, enum, or record expected
[ERROR] /C:/Users/asus/projects/piedrazul/src/main/java/com/mycompany/piedrazul/infrastructure/persistence/AppointmentRepositoryImpl.java:[1,1] unnamed class should not have package declaration
[ERROR] -> [Help 1]
[ERROR] 
[ERROR] To see the full stack trace of the errors, re-run Maven with the -e switch.
[ERROR] Re-run Maven using the -X switch to enable full debug logging.
[ERROR] 
[ERROR] For more information about the errors and possible solutions, please read the following articles:
[ERROR] [Help 1] http://cwiki.apache.org/confluence/display/MAVEN/MojoFailureException
